ARM Linker, 4.1 [Build 481] [Evaluation]

==============================================================================

Section Cross References

    startup_stm32f10x_hd.o(RESET) refers to startup_stm32f10x_hd.o(STACK) for __initial_sp
    startup_stm32f10x_hd.o(RESET) refers to startup_stm32f10x_hd.o(.text) for Reset_Handler
    startup_stm32f10x_hd.o(RESET) refers to stm32f10x_it.o(.text) for NMI_Handler
    startup_stm32f10x_hd.o(RESET) refers to interrupt.o(.text) for SysTick_Handler
    startup_stm32f10x_hd.o(.text) refers to system_stm32f10x.o(.text) for SystemInit
    startup_stm32f10x_hd.o(.text) refers to entry.o(.ARM.Collect$$$$00000000) for __main
    system_stm32f10x.o(.text) refers to system_stm32f10x.o(.data) for SystemCoreClock
    stm32f10x_adc.o(.text) refers to stm32f10x_rcc.o(.text) for RCC_APB2PeriphResetCmd
    stm32f10x_bkp.o(.text) refers to stm32f10x_rcc.o(.text) for RCC_BackupResetCmd
    stm32f10x_dac.o(.text) refers to stm32f10x_rcc.o(.text) for RCC_APB1PeriphResetCmd
    stm32f10x_gpio.o(.text) refers to stm32f10x_rcc.o(.text) for RCC_APB2PeriphResetCmd
    stm32f10x_i2c.o(.text) refers to stm32f10x_rcc.o(.text) for RCC_APB1PeriphResetCmd
    stm32f10x_pwr.o(.text) refers to stm32f10x_rcc.o(.text) for RCC_APB1PeriphResetCmd
    stm32f10x_rcc.o(.text) refers to stm32f10x_rcc.o(.data) for APBAHBPrescTable
    stm32f10x_spi.o(.text) refers to stm32f10x_rcc.o(.text) for RCC_APB2PeriphResetCmd
    stm32f10x_tim.o(.text) refers to stm32f10x_rcc.o(.text) for RCC_APB2PeriphResetCmd
    stm32f10x_usart.o(.text) refers to stm32f10x_rcc.o(.text) for RCC_APB2PeriphResetCmd
    stm32f10x_can.o(.text) refers to stm32f10x_rcc.o(.text) for RCC_APB1PeriphResetCmd
    stm32f10x_cec.o(.text) refers to stm32f10x_rcc.o(.text) for RCC_APB1PeriphResetCmd
    stm32f10x_wwdg.o(.text) refers to stm32f10x_rcc.o(.text) for RCC_APB1PeriphResetCmd
    main.o(.text) refers to assignment2.o(.text) for LED_GPIO_Config
    main.o(.text) refers to assignment5.o(.text) for Fdc_Init
    main.o(.text) refers to assignment1.o(.text) for I2C_MPU6050_Init
    main.o(.text) refers to uart.o(.text) for USART1_Config
    main.o(.text) refers to assignment3.o(.text) for N5110_Init
    main.o(.text) refers to assignment4.o(.text) for PIDParaSet
    main.o(.text) refers to interrupt.o(.text) for SysTick_Init
    stm32f10x_it.o(.text) refers to delay.o(.text) for Delay
    stm32f10x_it.o(.text) refers to stm32f10x_gpio.o(.text) for GPIO_SetBits
    uart.o(.text) refers to stm32f10x_rcc.o(.text) for RCC_APB2PeriphClockCmd
    uart.o(.text) refers to stm32f10x_gpio.o(.text) for GPIO_Init
    uart.o(.text) refers to stm32f10x_usart.o(.text) for USART_Init
    uart.o(.text) refers to misc.o(.text) for NVIC_PriorityGroupConfig
    uart.o(.text) refers to uart.o(.constdata) for .constdata
    interrupt.o(.text) refers to stm32f10x_usart.o(.text) for USART_GetITStatus
    interrupt.o(.text) refers to f2d.o(.text) for __aeabi_f2d
    interrupt.o(.text) refers to cdcmple.o(.text) for __aeabi_cdcmpeq
    interrupt.o(.text) refers to fmul.o(.text) for __aeabi_fmul
    interrupt.o(.text) refers to ddiv.o(.text) for __aeabi_ddiv
    interrupt.o(.text) refers to d2f.o(.text) for __aeabi_d2f
    interrupt.o(.text) refers to dadd.o(.text) for __aeabi_dadd
    interrupt.o(.text) refers to dmul.o(.text) for __aeabi_dmul
    interrupt.o(.text) refers to stm32f10x_gpio.o(.text) for GPIO_ResetBits
    interrupt.o(.text) refers to fflti.o(.text) for __aeabi_i2f
    interrupt.o(.text) refers to assignment2.o(.text) for STEP2_Angle
    interrupt.o(.text) refers to interrupt.o(.data) for USART1_RX_STA
    interrupt.o(.text) refers to assignment4.o(.data) for g_fCarSpeedSetR
    interrupt.o(.text) refers to assignment5.o(.data) for g_iRotaAngle
    interrupt.o(.text) refers to system_stm32f10x.o(.data) for SystemCoreClock
    interrupt.o(.text) refers to assignment4.o(.text) for Updata_Encoder_Data
    interrupt.o(.text) refers to assignment5.o(.text) for DCStallSolved
    interrupt.o(.text) refers to stm32f10x_tim.o(.text) for TIM_GetITStatus
    interrupt.o(.text) refers to assignment2.o(.data) for g_iStep1TargetPulseNum
    assignment1.o(.text) refers to stm32f10x_rcc.o(.text) for RCC_APB2PeriphClockCmd
    assignment1.o(.text) refers to stm32f10x_gpio.o(.text) for GPIO_Init
    assignment1.o(.text) refers to stm32f10x_i2c.o(.text) for I2C_Cmd
    assignment1.o(.text) refers to fadd.o(.text) for __aeabi_fsub
    assignment1.o(.text) refers to fmul.o(.text) for __aeabi_fmul
    assignment1.o(.text) refers to ffltui.o(.text) for __aeabi_ui2f
    assignment1.o(.text) refers to fdiv.o(.text) for __aeabi_fdiv
    assignment1.o(.text) refers to assignment1.o(.data) for I2C_MPU_ACCE_Read
    assignment1.o(.text) refers to assignment1.o(.bss) for Pdot
    assignment1.o(.text) refers to ffixi.o(.text) for __aeabi_f2iz
    assignment1.o(.text) refers to fflti.o(.text) for __aeabi_i2f
    assignment1.o(.text) refers to f2d.o(.text) for __aeabi_f2d
[...]
    cfrcmple.s                               0x00000000   Number         0  cfrcmple.o ABSOLUTE
    dc.s                                     0x00000000   Number         0  dc.o ABSOLUTE
    handlers.s                               0x00000000   Number         0  handlers.o ABSOLUTE
    init.s                                   0x00000000   Number         0  init.o ABSOLUTE
    RESET                                    0x08000000   Section      304  startup_stm32f10x_hd.o(RESET)
    .ARM.Collect$$$$00000000                 0x08000130   Section        0  entry.o(.ARM.Collect$$$$00000000)
    .ARM.Collect$$$$00000001                 0x08000130   Section        4  entry2.o(.ARM.Collect$$$$00000001)
    .ARM.Collect$$$$00000004                 0x08000134   Section        4  entry5.o(.ARM.Collect$$$$00000004)
    .ARM.Collect$$$$00000007                 0x08000138   Section        8  entry7.o(.ARM.Collect$$$$00000007)
    .ARM.Collect$$$$00002712                 0x08000140   Section        4  entry2.o(.ARM.Collect$$$$00002712)
    __lit__00000000                          0x08000140   Data           4  entry2.o(.ARM.Collect$$$$00002712)
    .text                                    0x08000144   Section       36  startup_stm32f10x_hd.o(.text)
    .text                                    0x08000168   Section        0  system_stm32f10x.o(.text)
    SetSysClockTo72                          0x08000169   Thumb Code   192  system_stm32f10x.o(.text)
    SetSysClock                              0x08000229   Thumb Code     8  system_stm32f10x.o(.text)
    .text                                    0x08000330   Section        0  misc.o(.text)
    .text                                    0x08000428   Section        0  stm32f10x_adc.o(.text)
    .text                                    0x08000868   Section        0  stm32f10x_gpio.o(.text)
    .text                                    0x08000bc0   Section        0  stm32f10x_i2c.o(.text)
    .text                                    0x08000fb0   Section        0  stm32f10x_rcc.o(.text)
    .text                                    0x08001354   Section        0  stm32f10x_tim.o(.text)
    TI4_Config                               0x080017dd   Thumb Code   118  stm32f10x_tim.o(.text)
    TI3_Config                               0x08001865   Thumb Code   114  stm32f10x_tim.o(.text)
    TI2_Config                               0x080018ed   Thumb Code   118  stm32f10x_tim.o(.text)
    TI1_Config                               0x08001975   Thumb Code   106  stm32f10x_tim.o(.text)
    .text                                    0x08002104   Section        0  stm32f10x_usart.o(.text)
    .text                                    0x08002510   Section        0  main.o(.text)
    .text                                    0x0800256c   Section        0  stm32f10x_it.o(.text)
    .text                                    0x080025b8   Section        0  delay.o(.text)
    .text                                    0x080025c4   Section        0  uart.o(.text)
    .text                                    0x080028d0   Section        0  interrupt.o(.text)
    .text                                    0x08002f78   Section        0  assignment1.o(.text)
    I2C_GPIO_Config                          0x08002f79   Thumb Code    54  assignment1.o(.text)
    I2C_Mode_Config                          0x08002faf   Thumb Code    66  assignment1.o(.text)
    I2C_MPU_ByteWrite                        0x08002ff1   Thumb Code   126  assignment1.o(.text)
    .text                                    0x08003730   Section        0  assignment3.o(.text)
    N5110_GPIO_Config                        0x0800380b   Thumb Code    46  assignment3.o(.text)
    .text                                    0x08003d08   Section        0  assignment4.o(.text)
    .text                                    0x080044c8   Section        0  assignment5.o(.text)
    .text                                    0x08005594   Section        0  assignment2.o(.text)
    TIM3_GPIO_Config                         0x080056a7   Thumb Code    60  assignment2.o(.text)
    TIM3_Mode_Config                         0x080056e3   Thumb Code   120  assignment2.o(.text)
    UITRASONIC_GPIO_Config                   0x0800594f   Thumb Code   166  assignment2.o(.text)
    TIM4_Mode_Configuration                  0x08005a1f   Thumb Code   218  assignment2.o(.text)
    .text                                    0x08005e8c   Section        0  memseta.o(.text)
    .text                                    0x08005eb2   Section        0  fadd.o(.text)
    .text                                    0x08005f62   Section        0  fmul.o(.text)
    .text                                    0x08005fce   Section        0  fdiv.o(.text)
    .text                                    0x0800604e   Section        0  dadd.o(.text)
    .text                                    0x08006198   Section        0  dmul.o(.text)
    .text                                    0x0800627a   Section        0  ddiv.o(.text)
    .text                                    0x08006358   Section        0  fflti.o(.text)
    .text                                    0x0800636a   Section        0  ffltui.o(.text)
    .text                                    0x08006374   Section        0  dflti.o(.text)
    .text                                    0x08006396   Section        0  dfltui.o(.text)
    .text                                    0x080063b0   Section        0  ffixi.o(.text)
    .text                                    0x080063e2   Section        0  ffixui.o(.text)
    .text                                    0x0800640a   Section        0  dfixi.o(.text)
    .text                                    0x08006448   Section        0  f2d.o(.text)
    .text                                    0x08006474   Section       40  cdcmple.o(.text)
    .text                                    0x0800649c   Section       40  cdrcmple.o(.text)
    .text                                    0x080064c4   Section        0  d2f.o(.text)
    .text                                    0x080064fc   Section       20  cfcmple.o(.text)
    .text                                    0x08006510   Section       20  cfrcmple.o(.text)
    .text                                    0x08006524   Section        0  llshl.o(.text)
    .text                                    0x08006542   Section        0  llushr.o(.text)
    .text                                    0x08006562   Section        0  llsshr.o(.text)
    .text                                    0x08006586   Section        0  fepilogue.o(.text)
    .text                                    0x08006586   Section        0  iusefp.o(.text)
    .text                                    0x080065f6   Section        0  depilogue.o(.text)
    .text                                    0x080066b8   Section        0  dscalb.o(.text)
    .text                                    0x080066e6   Section        0  dsqrt.o(.text)
    .text                                    0x08006788   Section       36  init.o(.text)
    .text                                    0x080067ac   Section        0  __dczerorl2.o(.text)
    i.__ARM_fpclassify                       0x08006808   Section        0  fpclassify.o(i.__ARM_fpclassify)
    i.__kernel_poly                          0x08006830   Section        0  poly.o(i.__kernel_poly)
    i.__mathlib_dbl_underflow                0x080068dc   Section        0  dunder.o(i.__mathlib_dbl_underflow)
    i.__scatterload_copy                     0x080068ec   Section       14  handlers.o(i.__scatterload_copy)
    i.__scatterload_null                     0x080068fa   Section        2  handlers.o(i.__scatterload_null)
    i.__scatterload_zeroinit                 0x080068fc   Section       14  handlers.o(i.__scatterload_zeroinit)
    i.__set_errno                            0x0800690c   Section        0  errno.o(i.__set_errno)
    i.atan                                   0x08006918   Section        0  atan.o(i.atan)
    i.sqrt                                   0x08006b3c   Section        0  sqrt.o(i.sqrt)
    .constdata                               0x08006b88   Section        7  uart.o(.constdata)
    .constdata                               0x08006b90   Section      563  assignment3.o(.constdata)
    .constdata                               0x08006dc8   Section      152  atan.o(.constdata)
    atanhi                                   0x08006dc8   Data          32  atan.o(.constdata)
    atanlo                                   0x08006de8   Data          32  atan.o(.constdata)
    aTodd                                    0x08006e08   Data          40  atan.o(.constdata)
    aTeven                                   0x08006e30   Data          48  atan.o(.constdata)
    .data                                    0x20000000   Section       20  system_stm32f10x.o(.data)
    .data                                    0x20000014   Section       20  stm32f10x_rcc.o(.data)
    APBAHBPrescTable                         0x20000014   Data          16  stm32f10x_rcc.o(.data)
    ADCPrescTable                            0x20000024   Data           4  stm32f10x_rcc.o(.data)
    .data                                    0x20000028   Section       94  interrupt.o(.data)
    Led_Count                                0x2000005d   Data           1  interrupt.o(.data)
    this_time_CH1                            0x2000006e   Data           2  interrupt.o(.data)
    last_time_CH1                            0x20000070   Data           2  interrupt.o(.data)
    CaptureEdgeFlag1                         0x20000072   Data           1  interrupt.o(.data)
    this_time_CH2                            0x20000074   Data           2  interrupt.o(.data)
    last_time_CH2                            0x20000076   Data           2  interrupt.o(.data)
    CaptureEdgeFlag2                         0x20000078   Data           1  interrupt.o(.data)
    this_time_CH3                            0x2000007a   Data           2  interrupt.o(.data)
    last_time_CH3                            0x2000007c   Data           2  interrupt.o(.data)
    CaptureEdgeFlag3                         0x2000007e   Data           1  interrupt.o(.data)
    this_time_CH4                            0x20000080   Data           2  interrupt.o(.data)
    last_time_CH4                            0x20000082   Data           2  interrupt.o(.data)
    CaptureEdgeFlag4                         0x20000084   Data           1  interrupt.o(.data)
    UITRA_Count                              0x20000085   Data           1  interrupt.o(.data)
    .data                                    0x20000088   Section      132  assignment1.o(.data)
    s_ucFlag                                 0x200000b4   Data           1  assignment1.o(.data)
    s_siAccXOffset                           0x200000b6   Data           2  assignment1.o(.data)
    s_siAccZOffset                           0x200000b8   Data           2  assignment1.o(.data)
    .data                                    0x2000010c   Section      240  assignment4.o(.data)
    P                                        0x200001d0   Data           4  assignment4.o(.data)
    pwm_limit                                0x200001d4   Data           4  assignment4.o(.data)
    deltOldL                                 0x200001d8   Data           4  assignment4.o(.data)
    deltOldR                                 0x200001dc   Data           4  assignment4.o(.data)
    count1                                   0x200001e0   Data           1  assignment4.o(.data)
    StartFlag                                0x200001e1   Data           1  assignment4.o(.data)
    DELT                                     0x200001e2   Data           2  assignment4.o(.data)
    StartFlag                                0x200001e4   Data           1  assignment4.o(.data)
    DELT                                     0x200001e6   Data           2  assignment4.o(.data)
    .data                                    0x200001fc   Section      100  assignment5.o(.data)
    fall_down_flag                           0x2000023a   Data           1  assignment5.o(.data)
    Other_features_flag                      0x2000023b   Data           1  assignment5.o(.data)
    i                                        0x2000023d   Data           1  assignment5.o(.data)
    fInfrDis_Speed                           0x20000240   Data           4  assignment5.o(.data)
    fInfrDis_Flag                            0x20000244   Data           1  assignment5.o(.data)
    fInfrDis_Flag2                           0x20000245   Data           1  assignment5.o(.data)
    fInfrDis_Flag_time                       0x20000248   Data           4  assignment5.o(.data)
    RotaAngle_count                          0x2000024c   Data           4  assignment5.o(.data)
    RotaAngle_count_old                      0x20000250   Data           4  assignment5.o(.data)
    xi_shu                                   0x20000254   Data           4  assignment5.o(.data)
    StallFlag                                0x20000258   Data           1  assignment5.o(.data)
    face_upward_flag                         0x20000259   Data           1  assignment5.o(.data)
    .data                                    0x20000260   Section       76  assignment2.o(.data)
    .data                                    0x200002ac   Section        4  errno.o(.data)
    _errno                                   0x200002ac   Data           4  errno.o(.data)
    .bss                                     0x200002b0   Section       16  assignment1.o(.bss)
    .bss                                     0x200002c0   Section      120  assignment4.o(.bss)
    STACK                                    0x20000338   Section     1024  startup_stm32f10x_hd.o(STACK)

    Global Symbols

    Symbol Name                              Value     Ov Type        Size  Object(Section)

    BuildAttributes$$THM_ISAv4$P$D$K$B$S$PE$A:L22UL41UL21$X:L11$S22US41US21$IEEE1$IW$USESV6$~STKCKD$USESV7$~SHL$OTIME$ROPI$IEEEX$EBA8$MICROLIB$REQ8$PRES8$EABIv2 0x00000000   Number         0  anon$$obj.o ABSOLUTE
    __ARM_use_no_argv                        0x00000000   Number         0  main.o ABSOLUTE
    __Vectors_Size                           0x00000130   Number         0  startup_stm32f10x_hd.o ABSOLUTE
    __Vectors                                0x08000000   Data           4  startup_stm32f10x_hd.o(RESET)
    __Vectors_End                            0x08000130   Data           0  startup_stm32f10x_hd.o(RESET)
    __main                                   0x08000131   Thumb Code     0  entry.o(.ARM.Collect$$$$00000000)
    _main_stk                                0x08000131   Thumb Code     0  entry2.o(.ARM.Collect$$$$00000001)
    _main_scatterload                        0x08000135   Thumb Code     0  entry5.o(.ARM.Collect$$$$00000004)
    __main_after_scatterload                 0x08000139   Thumb Code     0  entry5.o(.ARM.Collect$$$$00000004)
    _main_init                               0x08000139   Thumb Code     0  entry7.o(.ARM.Collect$$$$00000007)
    Reset_Handler                            0x08000145   Thumb Code     8  startup_stm32f10x_hd.o(.text)
    ADC1_2_IRQHandler                        0x0800015f   Thumb Code     0  startup_stm32f10x_hd.o(.text)
    ADC3_IRQHandler                          0x0800015f   Thumb Code     0  startup_stm32f10x_hd.o(.text)
    CAN1_RX1_IRQHandler                      0x0800015f   Thumb Code     0  startup_stm32f10x_hd.o(.text)
    CAN1_SCE_IRQHandler                      0x0800015f   Thumb Code     0  startup_stm32f10x_hd.o(.text)
    DMA1_Channel1_IRQHandler                 0x0800015f   Thumb Code     0  startup_stm32f10x_hd.o(.text)
    DMA1_Channel2_IRQHandler                 0x0800015f   Thumb Code     0  startup_stm32f10x_hd.o(.text)
    DMA1_Channel3_IRQHandler                 0x0800015f   Thumb Code     0  startup_stm32f10x_hd.o(.text)
    DMA1_Channel4_IRQHandler                 0x0800015f   Thumb Code     0  startup_stm32f10x_hd.o(.text)
    DMA1_Channel5_IRQHandler                 0x0800015f   Thumb Code     0  startup_stm32f10x_hd.o(.text)
    DMA1_Channel6_IRQHandler                 0x0800015f   Thumb Code     0  startup_stm32f10x_hd.o(.text)
    DMA1_Channel7_IRQHandler                 0x0800015f   Thumb Code     0  startup_stm32f10x_hd.o(.text)
    DMA2_Channel1_IRQHandler                 0x0800015f   Thumb Code     0  startup_stm32f10x_hd.o(.text)
    DMA2_Channel2_IRQHandler                 0x0800015f   Thumb Code     0  startup_stm32f10x_hd.o(.text)
    DMA2_Channel3_IRQHandler                 0x0800015f   Thumb Code     0  startup_stm32f10x_hd.o(.text)
    DMA2_Channel4_5_IRQHandler               0x0800015f   Thumb Code     0  startup_stm32f10x_hd.o(.text)
    EXTI0_IRQHandler                         0x0800015f   Thumb Code     0  startup_stm32f10x_hd.o(.text)
    EXTI15_10_IRQHandler                     0x0800015f   Thumb Code     0  startup_stm32f10x_hd.o(.text)
    EXTI1_IRQHandler                         0x0800015f   Thumb Code     0  startup_stm32f10x_hd.o(.text)
    EXTI2_IRQHandler                         0x0800015f   Thumb Code     0  startup_stm32f10x_hd.o(.text)
    EXTI3_IRQHandler                         0x0800015f   Thumb Code     0  startup_stm32f10x_hd.o(.text)
    EXTI4_IRQHandler                         0x0800015f   Thumb Code     0  startup_stm32f10x_hd.o(.text)
    EXTI9_5_IRQHandler                       0x0800015f   Thumb Code     0  startup_stm32f10x_hd.o(.text)
    FLASH_IRQHandler                         0x0800015f   Thumb Code     0  startup_stm32f10x_hd.o(.text)
    FSMC_IRQHandler                          0x0800015f   Thumb Code     0  startup_stm32f10x_hd.o(.text)
    I2C1_ER_IRQHandler                       0x0800015f   Thumb Code     0  startup_stm32f10x_hd.o(.text)
    I2C1_EV_IRQHandler                       0x0800015f   Thumb Code     0  startup_stm32f10x_hd.o(.text)
    I2C2_ER_IRQHandler                       0x0800015f   Thumb Code     0  startup_stm32f10x_hd.o(.text)
    I2C2_EV_IRQHandler                       0x0800015f   Thumb Code     0  startup_stm32f10x_hd.o(.text)
    PVD_IRQHandler                           0x0800015f   Thumb Code     0  startup_stm32f10x_hd.o(.text)
    RCC_IRQHandler                           0x0800015f   Thumb Code     0  startup_stm32f10x_hd.o(.text)
    RTCAlarm_IRQHandler                      0x0800015f   Thumb Code     0  startup_stm32f10x_hd.o(.text)
    RTC_IRQHandler                           0x0800015f   Thumb Code     0  startup_stm32f10x_hd.o(.text)
    SDIO_IRQHandler                          0x0800015f   Thumb Code     0  startup_stm32f10x_hd.o(.text)
    SPI1_IRQHandler                          0x0800015f   Thumb Code     0  startup_stm32f10x_hd.o(.text)
    SPI2_IRQHandler                          0x0800015f   Thumb Code     0  startup_stm32f10x_hd.o(.text)
    SPI3_IRQHandler                          0x0800015f   Thumb Code     0  startup_stm32f10x_hd.o(.text)
    TAMPER_IRQHandler                        0x0800015f   Thumb Code     0  startup_stm32f10x_hd.o(.text)
    TIM1_BRK_IRQHandler                      0x0800015f   Thumb Code     0  startup_stm32f10x_hd.o(.text)
    TIM1_CC_IRQHandler                       0x0800015f   Thumb Code     0  startup_stm32f10x_hd.o(.text)
    TIM1_TRG_COM_IRQHandler                  0x0800015f   Thumb Code     0  startup_stm32f10x_hd.o(.text)
    TIM1_UP_IRQHandler                       0x0800015f   Thumb Code     0  startup_stm32f10x_hd.o(.text)
    TIM2_IRQHandler                          0x0800015f   Thumb Code     0  startup_stm32f10x_hd.o(.text)
    TIM3_IRQHandler                          0x0800015f   Thumb Code     0  startup_stm32f10x_hd.o(.text)
    TIM5_IRQHandler                          0x0800015f   Thumb Code     0  startup_stm32f10x_hd.o(.text)
    TIM7_IRQHandler                          0x0800015f   Thumb Code     0  startup_stm32f10x_hd.o(.text)
    TIM8_BRK_IRQHandler                      0x0800015f   Thumb Code     0  startup_stm32f10x_hd.o(.text)
    TIM8_CC_IRQHandler                       0x0800015f   Thumb Code     0  startup_stm32f10x_hd.o(.text)
    TIM8_TRG_COM_IRQHandler                  0x0800015f   Thumb Code     0  startup_stm32f10x_hd.o(.text)
    TIM8_UP_IRQHandler                       0x0800015f   Thumb Code     0  startup_stm32f10x_hd.o(.text)
    UART5_IRQHandler                         0x0800015f   Thumb Code     0  startup_stm32f10x_hd.o(.text)
    USART2_IRQHandler                        0x0800015f   Thumb Code     0  startup_stm32f10x_hd.o(.text)
    USART3_IRQHandler                        0x0800015f   Thumb Code     0  startup_stm32f10x_hd.o(.text)
    USBWakeUp_IRQHandler                     0x0800015f   Thumb Code     0  startup_stm32f10x_hd.o(.text)
    USB_HP_CAN1_TX_IRQHandler                0x0800015f   Thumb Code     0  startup_stm32f10x_hd.o(.text)
    USB_LP_CAN1_RX0_IRQHandler               0x0800015f   Thumb Code     0  startup_stm32f10x_hd.o(.text)
    WWDG_IRQHandler                          0x0800015f   Thumb Code     0  startup_stm32f10x_hd.o(.text)
    SystemInit                               0x08000231   Thumb Code    78  system_stm32f10x.o(.text)
    SystemCoreClockUpdate                    0x0800027f   Thumb Code   142  system_stm32f10x.o(.text)
    NVIC_PriorityGroupConfig                 0x08000331   Thumb Code    10  misc.o(.text)
    NVIC_Init                                0x0800033b   Thumb Code   118  misc.o(.text)
    NVIC_SetVectorTable                      0x080003b1   Thumb Code    12  misc.o(.text)
    NVIC_SystemLPConfig                      0x080003bd   Thumb Code    38  misc.o(.text)
    SysTick_CLKSourceConfig                  0x080003e3   Thumb Code    40  misc.o(.text)
    ADC_DeInit                               0x08000429   Thumb Code    78  stm32f10x_adc.o(.text)
    ADC_Init                                 0x08000477   Thumb Code    70  stm32f10x_adc.o(.text)
    ADC_StructInit                           0x080004bd   Thumb Code    18  stm32f10x_adc.o(.text)
    ADC_Cmd                                  0x080004cf   Thumb Code    22  stm32f10x_adc.o(.text)
    ADC_DMACmd                               0x080004e5   Thumb Code    22  stm32f10x_adc.o(.text)
    ADC_ITConfig                             0x080004fb   Thumb Code    24  stm32f10x_adc.o(.text)
    ADC_ResetCalibration                     0x08000513   Thumb Code    10  stm32f10x_adc.o(.text)
    ADC_GetResetCalibrationStatus            0x0800051d   Thumb Code    20  stm32f10x_adc.o(.text)
    ADC_StartCalibration                     0x08000531   Thumb Code    10  stm32f10x_adc.o(.text)
    ADC_GetCalibrationStatus                 0x0800053b   Thumb Code    20  stm32f10x_adc.o(.text)
    ADC_SoftwareStartConvCmd                 0x0800054f   Thumb Code    22  stm32f10x_adc.o(.text)
    ADC_GetSoftwareStartConvStatus           0x08000565   Thumb Code    20  stm32f10x_adc.o(.text)
    ADC_DiscModeChannelCountConfig           0x08000579   Thumb Code    24  stm32f10x_adc.o(.text)
    ADC_DiscModeCmd                          0x08000591   Thumb Code    22  stm32f10x_adc.o(.text)
    ADC_RegularChannelConfig                 0x080005a7   Thumb Code   184  stm32f10x_adc.o(.text)
    ADC_ExternalTrigConvCmd                  0x0800065f   Thumb Code    22  stm32f10x_adc.o(.text)
    ADC_GetConversionValue                   0x08000675   Thumb Code     8  stm32f10x_adc.o(.text)
    ADC_GetDualModeConversionValue           0x0800067d   Thumb Code     6  stm32f10x_adc.o(.text)
    ADC_AutoInjectedConvCmd                  0x08000683   Thumb Code    22  stm32f10x_adc.o(.text)
    ADC_InjectedDiscModeCmd                  0x08000699   Thumb Code    22  stm32f10x_adc.o(.text)
    ADC_ExternalTrigInjectedConvConfig       0x080006af   Thumb Code    16  stm32f10x_adc.o(.text)
    ADC_ExternalTrigInjectedConvCmd          0x080006bf   Thumb Code    22  stm32f10x_adc.o(.text)
    ADC_SoftwareStartInjectedConvCmd         0x080006d5   Thumb Code    22  stm32f10x_adc.o(.text)
    ADC_GetSoftwareStartInjectedConvCmdStatus 0x080006eb   Thumb Code    20  stm32f10x_adc.o(.text)
    ADC_InjectedChannelConfig                0x080006ff   Thumb Code   130  stm32f10x_adc.o(.text)
    ADC_InjectedSequencerLengthConfig        0x08000781   Thumb Code    24  stm32f10x_adc.o(.text)
    ADC_SetInjectedOffset                    0x08000799   Thumb Code    12  stm32f10x_adc.o(.text)
    ADC_GetInjectedConversionValue           0x080007a5   Thumb Code    18  stm32f10x_adc.o(.text)
    ADC_AnalogWatchdogCmd                    0x080007b7   Thumb Code    16  stm32f10x_adc.o(.text)
    ADC_AnalogWatchdogThresholdsConfig       0x080007c7   Thumb Code     6  stm32f10x_adc.o(.text)
    ADC_AnalogWatchdogSingleChannelConfig    0x080007cd   Thumb Code    16  stm32f10x_adc.o(.text)
    ADC_TempSensorVrefintCmd                 0x080007dd   Thumb Code    34  stm32f10x_adc.o(.text)
    ADC_GetFlagStatus                        0x080007ff   Thumb Code    54  stm32f10x_adc.o(.text)
    ADC_ClearFlag                            0x08000835   Thumb Code     6  stm32f10x_adc.o(.text)
    ADC_GetITStatus                          0x0800083b   Thumb Code    36  stm32f10x_adc.o(.text)
    ADC_ClearITPendingBit                    0x0800085f   Thumb Code    10  stm32f10x_adc.o(.text)
    GPIO_DeInit                              0x08000869   Thumb Code   172  stm32f10x_gpio.o(.text)
    GPIO_AFIODeInit                          0x08000915   Thumb Code    20  stm32f10x_gpio.o(.text)
    GPIO_Init                                0x08000929   Thumb Code   274  stm32f10x_gpio.o(.text)
    GPIO_StructInit                          0x08000a3b   Thumb Code    16  stm32f10x_gpio.o(.text)
    GPIO_ReadInputDataBit                    0x08000a4b   Thumb Code    18  stm32f10x_gpio.o(.text)
    GPIO_ReadInputData                       0x08000a5d   Thumb Code     8  stm32f10x_gpio.o(.text)
    GPIO_ReadOutputDataBit                   0x08000a65   Thumb Code    18  stm32f10x_gpio.o(.text)
    GPIO_ReadOutputData                      0x08000a77   Thumb Code     8  stm32f10x_gpio.o(.text)
    GPIO_SetBits                             0x08000a7f   Thumb Code     4  stm32f10x_gpio.o(.text)
    GPIO_ResetBits                           0x08000a83   Thumb Code     4  stm32f10x_gpio.o(.text)
    GPIO_WriteBit                            0x08000a87   Thumb Code    10  stm32f10x_gpio.o(.text)
    GPIO_Write                               0x08000a91   Thumb Code     4  stm32f10x_gpio.o(.text)
    GPIO_PinLockConfig                       0x08000a95   Thumb Code    18  stm32f10x_gpio.o(.text)
    GPIO_EventOutputConfig                   0x08000aa7   Thumb Code    26  stm32f10x_gpio.o(.text)
    GPIO_EventOutputCmd                      0x08000ac1   Thumb Code     6  stm32f10x_gpio.o(.text)
    GPIO_PinRemapConfig                      0x08000ac7   Thumb Code   138  stm32f10x_gpio.o(.text)
    GPIO_EXTILineConfig                      0x08000b51   Thumb Code    66  stm32f10x_gpio.o(.text)
    GPIO_ETH_MediaInterfaceConfig            0x08000b93   Thumb Code     6  stm32f10x_gpio.o(.text)
    I2C_DeInit                               0x08000bc1   Thumb Code    50  stm32f10x_i2c.o(.text)
    I2C_Init                                 0x08000bf3   Thumb Code   222  stm32f10x_i2c.o(.text)
    I2C_StructInit                           0x08000cd1   Thumb Code    30  stm32f10x_i2c.o(.text)
    I2C_Cmd                                  0x08000cef   Thumb Code    24  stm32f10x_i2c.o(.text)
    I2C_DMACmd                               0x08000d07   Thumb Code    24  stm32f10x_i2c.o(.text)
    I2C_DMALastTransferCmd                   0x08000d1f   Thumb Code    24  stm32f10x_i2c.o(.text)
    I2C_GenerateSTART                        0x08000d37   Thumb Code    24  stm32f10x_i2c.o(.text)
    I2C_GenerateSTOP                         0x08000d4f   Thumb Code    24  stm32f10x_i2c.o(.text)
    I2C_AcknowledgeConfig                    0x08000d67   Thumb Code    24  stm32f10x_i2c.o(.text)
    I2C_OwnAddress2Config                    0x08000d7f   Thumb Code    22  stm32f10x_i2c.o(.text)
    I2C_DualAddressCmd                       0x08000d95   Thumb Code    24  stm32f10x_i2c.o(.text)
    I2C_GeneralCallCmd                       0x08000dad   Thumb Code    24  stm32f10x_i2c.o(.text)
    I2C_ITConfig                             0x08000dc5   Thumb Code    24  stm32f10x_i2c.o(.text)
    I2C_SendData                             0x08000ddd   Thumb Code     4  stm32f10x_i2c.o(.text)
    I2C_ReceiveData                          0x08000de1   Thumb Code     8  stm32f10x_i2c.o(.text)
    I2C_Send7bitAddress                      0x08000de9   Thumb Code    18  stm32f10x_i2c.o(.text)
    I2C_ReadRegister                         0x08000dfb   Thumb Code    12  stm32f10x_i2c.o(.text)
    I2C_SoftwareResetCmd                     0x08000e07   Thumb Code    22  stm32f10x_i2c.o(.text)
    I2C_NACKPositionConfig                   0x08000e1d   Thumb Code    28  stm32f10x_i2c.o(.text)
    I2C_SMBusAlertConfig                     0x08000e39   Thumb Code    28  stm32f10x_i2c.o(.text)
    I2C_TransmitPEC                          0x08000e55   Thumb Code    24  stm32f10x_i2c.o(.text)
    I2C_PECPositionConfig                    0x08000e6d   Thumb Code    28  stm32f10x_i2c.o(.text)
    I2C_CalculatePEC                         0x08000e89   Thumb Code    24  stm32f10x_i2c.o(.text)
    I2C_GetPEC                               0x08000ea1   Thumb Code     8  stm32f10x_i2c.o(.text)
    I2C_ARPCmd                               0x08000ea9   Thumb Code    24  stm32f10x_i2c.o(.text)
    I2C_StretchClockCmd                      0x08000ec1   Thumb Code    24  stm32f10x_i2c.o(.text)
    I2C_FastModeDutyCycleConfig              0x08000ed9   Thumb Code    28  stm32f10x_i2c.o(.text)
    I2C_CheckEvent                           0x08000ef5   Thumb Code    42  stm32f10x_i2c.o(.text)
    I2C_GetLastEvent                         0x08000f1f   Thumb Code    26  stm32f10x_i2c.o(.text)
    I2C_GetFlagStatus                        0x08000f39   Thumb Code    42  stm32f10x_i2c.o(.text)
    I2C_ClearFlag                            0x08000f63   Thumb Code    12  stm32f10x_i2c.o(.text)
    I2C_GetITStatus                          0x08000f6f   Thumb Code    38  stm32f10x_i2c.o(.text)
    I2C_ClearITPendingBit                    0x08000f95   Thumb Code    12  stm32f10x_i2c.o(.text)
    RCC_DeInit                               0x08000fb1   Thumb Code    64  stm32f10x_rcc.o(.text)
    RCC_HSEConfig                            0x08000ff1   Thumb Code    70  stm32f10x_rcc.o(.text)
    RCC_GetFlagStatus                        0x08001037   Thumb Code    56  stm32f10x_rcc.o(.text)
    RCC_WaitForHSEStartUp                    0x0800106f   Thumb Code    48  stm32f10x_rcc.o(.text)
    RCC_AdjustHSICalibrationValue            0x0800109f   Thumb Code    20  stm32f10x_rcc.o(.text)
    RCC_HSICmd                               0x080010b3   Thumb Code     6  stm32f10x_rcc.o(.text)
    RCC_PLLConfig                            0x080010b9   Thumb Code    24  stm32f10x_rcc.o(.text)
    RCC_PLLCmd                               0x080010d1   Thumb Code     6  stm32f10x_rcc.o(.text)
    RCC_SYSCLKConfig                         0x080010d7   Thumb Code    18  stm32f10x_rcc.o(.text)
    RCC_GetSYSCLKSource                      0x080010e9   Thumb Code    10  stm32f10x_rcc.o(.text)
    RCC_HCLKConfig                           0x080010f3   Thumb Code    18  stm32f10x_rcc.o(.text)
    RCC_PCLK1Config                          0x08001105   Thumb Code    18  stm32f10x_rcc.o(.text)
    RCC_PCLK2Config                          0x08001117   Thumb Code    20  stm32f10x_rcc.o(.text)
    RCC_ITConfig                             0x0800112b   Thumb Code    30  stm32f10x_rcc.o(.text)
    RCC_USBCLKConfig                         0x08001149   Thumb Code     6  stm32f10x_rcc.o(.text)
    RCC_ADCCLKConfig                         0x0800114f   Thumb Code    18  stm32f10x_rcc.o(.text)
    RCC_LSEConfig                            0x08001161   Thumb Code    44  stm32f10x_rcc.o(.text)
    RCC_LSICmd                               0x0800118d   Thumb Code     6  stm32f10x_rcc.o(.text)
    RCC_RTCCLKConfig                         0x08001193   Thumb Code    12  stm32f10x_rcc.o(.text)
    RCC_RTCCLKCmd                            0x0800119f   Thumb Code     6  stm32f10x_rcc.o(.text)
    RCC_GetClocksFreq                        0x080011a5   Thumb Code   192  stm32f10x_rcc.o(.text)
    RCC_AHBPeriphClockCmd                    0x08001265   Thumb Code    26  stm32f10x_rcc.o(.text)
    RCC_APB2PeriphClockCmd                   0x0800127f   Thumb Code    26  stm32f10x_rcc.o(.text)
    RCC_APB1PeriphClockCmd                   0x08001299   Thumb Code    26  stm32f10x_rcc.o(.text)
    RCC_APB2PeriphResetCmd                   0x080012b3   Thumb Code    26  stm32f10x_rcc.o(.text)
    RCC_APB1PeriphResetCmd                   0x080012cd   Thumb Code    26  stm32f10x_rcc.o(.text)
    RCC_BackupResetCmd                       0x080012e7   Thumb Code     6  stm32f10x_rcc.o(.text)
    RCC_ClockSecuritySystemCmd               0x080012ed   Thumb Code     6  stm32f10x_rcc.o(.text)
    RCC_MCOConfig                            0x080012f3   Thumb Code     6  stm32f10x_rcc.o(.text)
    RCC_ClearFlag                            0x080012f9   Thumb Code    14  stm32f10x_rcc.o(.text)
    RCC_GetITStatus                          0x08001307   Thumb Code    20  stm32f10x_rcc.o(.text)
    RCC_ClearITPendingBit                    0x0800131b   Thumb Code     6  stm32f10x_rcc.o(.text)
    TIM_DeInit                               0x08001355   Thumb Code   424  stm32f10x_tim.o(.text)
    TIM_TimeBaseInit                         0x080014fd   Thumb Code   122  stm32f10x_tim.o(.text)
    TIM_OC1Init                              0x08001577   Thumb Code   132  stm32f10x_tim.o(.text)
    TIM_OC2Init                              0x080015fb   Thumb Code   146  stm32f10x_tim.o(.text)
    TIM_OC3Init                              0x0800168d   Thumb Code   142  stm32f10x_tim.o(.text)
    TIM_OC4Init                              0x0800171b   Thumb Code   172  stm32f10x_tim.o(.text)
    TIM_SetIC4Prescaler                      0x080017c7   Thumb Code    22  stm32f10x_tim.o(.text)
    TIM_SetIC3Prescaler                      0x08001853   Thumb Code    18  stm32f10x_tim.o(.text)
    TIM_SetIC2Prescaler                      0x080018d7   Thumb Code    22  stm32f10x_tim.o(.text)
    TIM_SetIC1Prescaler                      0x08001963   Thumb Code    18  stm32f10x_tim.o(.text)
    TIM_ICInit                               0x080019df   Thumb Code   150  stm32f10x_tim.o(.text)
    TIM_PWMIConfig                           0x08001a75   Thumb Code   124  stm32f10x_tim.o(.text)
    TIM_BDTRConfig                           0x08001af1   Thumb Code    32  stm32f10x_tim.o(.text)
    TIM_TimeBaseStructInit                   0x08001b11   Thumb Code    18  stm32f10x_tim.o(.text)
    TIM_OCStructInit                         0x08001b23   Thumb Code    20  stm32f10x_tim.o(.text)
    TIM_ICStructInit                         0x08001b37   Thumb Code    18  stm32f10x_tim.o(.text)
    TIM_BDTRStructInit                       0x08001b49   Thumb Code    18  stm32f10x_tim.o(.text)
    TIM_Cmd                                  0x08001b5b   Thumb Code    24  stm32f10x_tim.o(.text)
    TIM_CtrlPWMOutputs                       0x08001b73   Thumb Code    52  stm32f10x_tim.o(.text)
    TIM_ITConfig                             0x08001ba7   Thumb Code    24  stm32f10x_tim.o(.text)
    TIM_GenerateEvent                        0x08001bbf   Thumb Code     4  stm32f10x_tim.o(.text)
    TIM_DMAConfig                            0x08001bc3   Thumb Code    10  stm32f10x_tim.o(.text)
    TIM_DMACmd                               0x08001bcd   Thumb Code    24  stm32f10x_tim.o(.text)
    TIM_InternalClockConfig                  0x08001be5   Thumb Code    12  stm32f10x_tim.o(.text)
    TIM_SelectInputTrigger                   0x08001bf1   Thumb Code    18  stm32f10x_tim.o(.text)
    TIM_ITRxExternalClockConfig              0x08001c03   Thumb Code    24  stm32f10x_tim.o(.text)
    TIM_TIxExternalClockConfig               0x08001c1b   Thumb Code    62  stm32f10x_tim.o(.text)
    TIM_ETRConfig                            0x08001c59   Thumb Code    24  stm32f10x_tim.o(.text)
    TIM_ETRClockMode1Config                  0x08001c71   Thumb Code    54  stm32f10x_tim.o(.text)
    TIM_ETRClockMode2Config                  0x08001ca7   Thumb Code    32  stm32f10x_tim.o(.text)
    TIM_PrescalerConfig                      0x08001cc7   Thumb Code     6  stm32f10x_tim.o(.text)
    TIM_CounterModeConfig                    0x08001ccd   Thumb Code    18  stm32f10x_tim.o(.text)
    TIM_EncoderInterfaceConfig               0x08001cdf   Thumb Code    62  stm32f10x_tim.o(.text)
    TIM_ForcedOC1Config                      0x08001d1d   Thumb Code    18  stm32f10x_tim.o(.text)
    TIM_ForcedOC2Config                      0x08001d2f   Thumb Code    22  stm32f10x_tim.o(.text)
    TIM_ForcedOC3Config                      0x08001d45   Thumb Code    18  stm32f10x_tim.o(.text)
    TIM_ForcedOC4Config                      0x08001d57   Thumb Code    22  stm32f10x_tim.o(.text)
    TIM_ARRPreloadConfig                     0x08001d6d   Thumb Code    24  stm32f10x_tim.o(.text)
    TIM_SelectCOM                            0x08001d85   Thumb Code    24  stm32f10x_tim.o(.text)
    TIM_SelectCCDMA                          0x08001d9d   Thumb Code    24  stm32f10x_tim.o(.text)
    TIM_CCPreloadControl                     0x08001db5   Thumb Code    24  stm32f10x_tim.o(.text)
    TIM_OC1PreloadConfig                     0x08001dcd   Thumb Code    18  stm32f10x_tim.o(.text)
    TIM_OC2PreloadConfig                     0x08001ddf   Thumb Code    22  stm32f10x_tim.o(.text)
    TIM_OC3PreloadConfig                     0x08001df5   Thumb Code    18  stm32f10x_tim.o(.text)
    TIM_OC4PreloadConfig                     0x08001e07   Thumb Code    22  stm32f10x_tim.o(.text)
    TIM_OC1FastConfig                        0x08001e1d   Thumb Code    18  stm32f10x_tim.o(.text)
    TIM_OC2FastConfig                        0x08001e2f   Thumb Code    22  stm32f10x_tim.o(.text)
    TIM_OC3FastConfig                        0x08001e45   Thumb Code    18  stm32f10x_tim.o(.text)
    TIM_OC4FastConfig                        0x08001e57   Thumb Code    22  stm32f10x_tim.o(.text)
    TIM_ClearOC1Ref                          0x08001e6d   Thumb Code    18  stm32f10x_tim.o(.text)
    TIM_ClearOC2Ref                          0x08001e7f   Thumb Code    20  stm32f10x_tim.o(.text)
    TIM_ClearOC3Ref                          0x08001e93   Thumb Code    18  stm32f10x_tim.o(.text)
    TIM_ClearOC4Ref                          0x08001ea5   Thumb Code    20  stm32f10x_tim.o(.text)
    TIM_OC1PolarityConfig                    0x08001eb9   Thumb Code    18  stm32f10x_tim.o(.text)
    TIM_OC1NPolarityConfig                   0x08001ecb   Thumb Code    18  stm32f10x_tim.o(.text)
    TIM_OC2PolarityConfig                    0x08001edd   Thumb Code    22  stm32f10x_tim.o(.text)
    TIM_OC2NPolarityConfig                   0x08001ef3   Thumb Code    22  stm32f10x_tim.o(.text)
    TIM_OC3PolarityConfig                    0x08001f09   Thumb Code    22  stm32f10x_tim.o(.text)
    TIM_OC3NPolarityConfig                   0x08001f1f   Thumb Code    22  stm32f10x_tim.o(.text)
    TIM_OC4PolarityConfig                    0x08001f35   Thumb Code    22  stm32f10x_tim.o(.text)
    TIM_CCxCmd                               0x08001f4b   Thumb Code    34  stm32f10x_tim.o(.text)
    TIM_CCxNCmd                              0x08001f6d   Thumb Code    34  stm32f10x_tim.o(.text)
    TIM_SelectOCxM                           0x08001f8f   Thumb Code    82  stm32f10x_tim.o(.text)
    TIM_UpdateDisableConfig                  0x08001fe1   Thumb Code    24  stm32f10x_tim.o(.text)
    TIM_UpdateRequestConfig                  0x08001ff9   Thumb Code    24  stm32f10x_tim.o(.text)
    TIM_SelectHallSensor                     0x08002011   Thumb Code    24  stm32f10x_tim.o(.text)
    TIM_SelectOnePulseMode                   0x08002029   Thumb Code    18  stm32f10x_tim.o(.text)
    TIM_SelectOutputTrigger                  0x0800203b   Thumb Code    18  stm32f10x_tim.o(.text)
    TIM_SelectSlaveMode                      0x0800204d   Thumb Code    18  stm32f10x_tim.o(.text)
    TIM_SelectMasterSlaveMode                0x0800205f   Thumb Code    18  stm32f10x_tim.o(.text)
    TIM_SetCounter                           0x08002071   Thumb Code     4  stm32f10x_tim.o(.text)
    TIM_SetAutoreload                        0x08002075   Thumb Code     4  stm32f10x_tim.o(.text)
    TIM_SetCompare1                          0x08002079   Thumb Code     4  stm32f10x_tim.o(.text)
    TIM_SetCompare2                          0x0800207d   Thumb Code     4  stm32f10x_tim.o(.text)
    TIM_SetCompare3                          0x08002081   Thumb Code     4  stm32f10x_tim.o(.text)
    TIM_SetCompare4                          0x08002085   Thumb Code     6  stm32f10x_tim.o(.text)
    TIM_SetClockDivision                     0x0800208b   Thumb Code    18  stm32f10x_tim.o(.text)
    TIM_GetCapture1                          0x0800209d   Thumb Code     6  stm32f10x_tim.o(.text)
    TIM_GetCapture2                          0x080020a3   Thumb Code     6  stm32f10x_tim.o(.text)
    TIM_GetCapture3                          0x080020a9   Thumb Code     6  stm32f10x_tim.o(.text)
    TIM_GetCapture4                          0x080020af   Thumb Code     8  stm32f10x_tim.o(.text)
    TIM_GetCounter                           0x080020b7   Thumb Code     6  stm32f10x_tim.o(.text)
    TIM_GetPrescaler                         0x080020bd   Thumb Code     6  stm32f10x_tim.o(.text)
    TIM_GetFlagStatus                        0x080020c3   Thumb Code    18  stm32f10x_tim.o(.text)
    TIM_ClearFlag                            0x080020d5   Thumb Code     6  stm32f10x_tim.o(.text)
    TIM_GetITStatus                          0x080020db   Thumb Code    34  stm32f10x_tim.o(.text)
    TIM_ClearITPendingBit                    0x080020fd   Thumb Code     6  stm32f10x_tim.o(.text)
    USART_DeInit                             0x08002105   Thumb Code   134  stm32f10x_usart.o(.text)
    USART_Init                               0x0800218b   Thumb Code   210  stm32f10x_usart.o(.text)
    USART_StructInit                         0x0800225d   Thumb Code    24  stm32f10x_usart.o(.text)
    USART_ClockInit                          0x08002275   Thumb Code    34  stm32f10x_usart.o(.text)
    USART_ClockStructInit                    0x08002297   Thumb Code    12  stm32f10x_usart.o(.text)
    USART_Cmd                                0x080022a3   Thumb Code    24  stm32f10x_usart.o(.text)
    USART_ITConfig                           0x080022bb   Thumb Code    74  stm32f10x_usart.o(.text)
    USART_DMACmd                             0x08002305   Thumb Code    24  stm32f10x_usart.o(.text)
    USART_SetAddress                         0x0800231d   Thumb Code    18  stm32f10x_usart.o(.text)
    USART_WakeUpConfig                       0x0800232f   Thumb Code    18  stm32f10x_usart.o(.text)
    USART_ReceiverWakeUpCmd                  0x08002341   Thumb Code    24  stm32f10x_usart.o(.text)
    USART_LINBreakDetectLengthConfig         0x08002359   Thumb Code    18  stm32f10x_usart.o(.text)
    USART_LINCmd                             0x0800236b   Thumb Code    24  stm32f10x_usart.o(.text)
    USART_SendData                           0x08002383   Thumb Code     8  stm32f10x_usart.o(.text)
    USART_ReceiveData                        0x0800238b   Thumb Code    10  stm32f10x_usart.o(.text)
    USART_SendBreak                          0x08002395   Thumb Code    10  stm32f10x_usart.o(.text)
    USART_SetGuardTime                       0x0800239f   Thumb Code    16  stm32f10x_usart.o(.text)
    USART_SetPrescaler                       0x080023af   Thumb Code    16  stm32f10x_usart.o(.text)
    USART_SmartCardCmd                       0x080023bf   Thumb Code    24  stm32f10x_usart.o(.text)
    USART_SmartCardNACKCmd                   0x080023d7   Thumb Code    24  stm32f10x_usart.o(.text)
    USART_HalfDuplexCmd                      0x080023ef   Thumb Code    24  stm32f10x_usart.o(.text)
    USART_OverSampling8Cmd                   0x08002407   Thumb Code    22  stm32f10x_usart.o(.text)
    USART_OneBitMethodCmd                    0x0800241d   Thumb Code    24  stm32f10x_usart.o(.text)
    USART_IrDAConfig                         0x08002435   Thumb Code    18  stm32f10x_usart.o(.text)
    USART_IrDACmd                            0x08002447   Thumb Code    24  stm32f10x_usart.o(.text)
    USART_GetFlagStatus                      0x0800245f   Thumb Code    26  stm32f10x_usart.o(.text)
    USART_ClearFlag                          0x08002479   Thumb Code    18  stm32f10x_usart.o(.text)
    USART_GetITStatus                        0x0800248b   Thumb Code    84  stm32f10x_usart.o(.text)
    USART_ClearITPendingBit                  0x080024df   Thumb Code    50  stm32f10x_usart.o(.text)
    main                                     0x08002511   Thumb Code    92  main.o(.text)
    NMI_Handler                              0x0800256d   Thumb Code     2  stm32f10x_it.o(.text)
    HardFault_Handler                        0x0800256f   Thumb Code    46  stm32f10x_it.o(.text)
    MemManage_Handler                        0x0800259d   Thumb Code     4  stm32f10x_it.o(.text)
    BusFault_Handler                         0x080025a1   Thumb Code     4  stm32f10x_it.o(.text)
    UsageFault_Handler                       0x080025a5   Thumb Code     4  stm32f10x_it.o(.text)
    SVC_Handler                              0x080025a9   Thumb Code     2  stm32f10x_it.o(.text)
    DebugMon_Handler                         0x080025ab   Thumb Code     2  stm32f10x_it.o(.text)
    PendSV_Handler                           0x080025ad   Thumb Code     2  stm32f10x_it.o(.text)
    Delay                                    0x080025b9   Thumb Code    10  delay.o(.text)
    USART1_Config                            0x080025c5   Thumb Code   126  uart.o(.text)
    NVIC_Configuration_UART1                 0x08002643   Thumb Code    42  uart.o(.text)
    NVIC_Configuration_UART4                 0x0800266d   Thumb Code    42  uart.o(.text)
    UART4_Config                             0x08002697   Thumb Code   144  uart.o(.text)
    fputc                                    0x08002727   Thumb Code    32  uart.o(.text)
    fgetc                                    0x08002747   Thumb Code    26  uart.o(.text)
    put_char                                 0x08002761   Thumb Code    30  uart.o(.text)
    put_string                               0x0800277f   Thumb Code    26  uart.o(.text)
    put_number                               0x08002799   Thumb Code   286  uart.o(.text)
    USART1_IRQHandler                        0x080028d1   Thumb Code   578  interrupt.o(.text)
    UART4_IRQHandler                         0x08002b13   Thumb Code   324  interrupt.o(.text)
    SysTick_Init                             0x08002c57   Thumb Code    78  interrupt.o(.text)
    SysTick_Handler                          0x08002ca5   Thumb Code   260  interrupt.o(.text)
    TIM6_IRQHandler                          0x08002da9   Thumb Code   256  interrupt.o(.text)
    TIM4_IRQHandler                          0x08002ea9   Thumb Code   142  interrupt.o(.text)
    I2C_MPU_ByteRead                         0x0800306f   Thumb Code   210  assignment1.o(.text)
    I2C_MPU6050_Init                         0x08003141   Thumb Code    12  assignment1.o(.text)
    InitMPU6050                              0x0800314d   Thumb Code    44  assignment1.o(.text)
    ACCE_Data_Z                              0x08003179   Thumb Code    28  assignment1.o(.text)
    ACCE_Data_X                              0x08003195   Thumb Code    28  assignment1.o(.text)
    ACCE_Data_Y                              0x080031b1   Thumb Code    28  assignment1.o(.text)
    GYRO_Data_Y                              0x080031cd   Thumb Code    28  assignment1.o(.text)
    GYRO_Data_X                              0x080031e9   Thumb Code    28  assignment1.o(.text)
    Kalman_Filter                            0x08003205   Thumb Code   664  assignment1.o(.text)
    Angle_Calcu                              0x0800349d   Thumb Code   550  assignment1.o(.text)
    Write_Command                            0x08003731   Thumb Code    88  assignment3.o(.text)
    Write_Data                               0x08003789   Thumb Code    88  assignment3.o(.text)
    Lcd_Clear                                0x080037e1   Thumb Code    42  assignment3.o(.text)
    N5110_Init                               0x08003839   Thumb Code   100  assignment3.o(.text)
    Set_XY                                   0x0800389d   Thumb Code    24  assignment3.o(.text)
    Write_English_Spring                     0x080038b5   Thumb Code    70  assignment3.o(.text)
    Draw_Bmp_Pic                             0x080038fb   Thumb Code   108  assignment3.o(.text)
    n5110_display_init                       0x08003967   Thumb Code     2  assignment3.o(.text)
    LCN5110shownum5                          0x08003969   Thumb Code   292  assignment3.o(.text)
    LCN5110ShowNum3                          0x08003a8d   Thumb Code   108  assignment3.o(.text)
    LC_DrawLine                              0x08003af9   Thumb Code    22  assignment3.o(.text)
    LC_ClearRow                              0x08003b0f   Thumb Code    50  assignment3.o(.text)
    LC_DrawDot                               0x08003b41   Thumb Code    28  assignment3.o(.text)
    CRC_CHECK                                0x08003b5d   Thumb Code    58  assignment3.o(.text)
    scopetransport                           0x08003b97   Thumb Code   350  assignment3.o(.text)
    BalanceControlOut                        0x08003d09   Thumb Code   104  assignment4.o(.text)
    MotorControl                             0x08003d71   Thumb Code   292  assignment4.o(.text)
    SpeedControl                             0x08003e95   Thumb Code   310  assignment4.o(.text)
    SpeedControlOut                          0x08003fcb   Thumb Code   190  assignment4.o(.text)
    DirControl                               0x08004089   Thumb Code     2  assignment4.o(.text)
    DirControlOut                            0x0800408b   Thumb Code   318  assignment4.o(.text)
    Step1SpeedPlan                           0x080041c9   Thumb Code   154  assignment4.o(.text)
    Step2SpeedPlan                           0x08004263   Thumb Code   152  assignment4.o(.text)
    Step1PresAngle                           0x080042fb   Thumb Code    32  assignment4.o(.text)
    Step2PresAngle                           0x0800431b   Thumb Code    32  assignment4.o(.text)
    PIDParaSet                               0x0800433b   Thumb Code    56  assignment4.o(.text)
    Float_Char_Send_Serial                   0x08004373   Thumb Code    42  assignment4.o(.text)
    Updata_Encoder_Data                      0x0800439d   Thumb Code   154  assignment4.o(.text)
    delay_uss                                0x080044c9   Thumb Code    20  assignment5.o(.text)
    IIC_Init                                 0x080044dd   Thumb Code    56  assignment5.o(.text)
    IIC_Start                                0x08004515   Thumb Code    76  assignment5.o(.text)
    IIC_Stop                                 0x08004561   Thumb Code    76  assignment5.o(.text)
    IIC_Wait_Ack                             0x080045ad   Thumb Code    90  assignment5.o(.text)
    IIC_Ack                                  0x08004607   Thumb Code    80  assignment5.o(.text)
    IIC_NAck                                 0x08004657   Thumb Code    80  assignment5.o(.text)
    IIC_Send_Byte                            0x080046a7   Thumb Code   104  assignment5.o(.text)
    IIC_Read_Byte                            0x0800470f   Thumb Code   106  assignment5.o(.text)
    Signal_Send                              0x08004779   Thumb Code    58  assignment5.o(.text)
    Signal_Read                              0x080047b3   Thumb Code    72  assignment5.o(.text)
    FDC1004_Init1                            0x080047fb   Thumb Code    24  assignment5.o(.text)
    FDC1004_Read1                            0x08004813   Thumb Code    44  assignment5.o(.text)
    FDC1004_Init2                            0x0800483f   Thumb Code    24  assignment5.o(.text)
    FDC1004_Read2                            0x08004857   Thumb Code    44  assignment5.o(.text)
    FDC1004_Init3                            0x08004883   Thumb Code    24  assignment5.o(.text)
    FDC1004_Read3                            0x0800489b   Thumb Code    86  assignment5.o(.text)
    FDC1004_Init4                            0x080048f1   Thumb Code    24  assignment5.o(.text)
    FDC1004_Read4                            0x08004909   Thumb Code    44  assignment5.o(.text)
    Fdc_Init                                 0x08004935   Thumb Code     8  assignment5.o(.text)
    Fdc_ReadCh1                              0x0800493d   Thumb Code    12  assignment5.o(.text)
    Fdc_ReadCh2                              0x08004949   Thumb Code    12  assignment5.o(.text)
    Fdc_ReadCh3                              0x08004955   Thumb Code    12  assignment5.o(.text)
    Fdc_ReadCh4                              0x08004961   Thumb Code    12  assignment5.o(.text)
    ADC1_Init                                0x0800496d   Thumb Code   146  assignment5.o(.text)
    Get_Adc                                  0x080049ff   Thumb Code    44  assignment5.o(.text)
    Get_adc_average                          0x08004a2b   Thumb Code    40  assignment5.o(.text)
    InfradDisInit                            0x08004a53   Thumb Code     8  assignment5.o(.text)
    GetInfrDis                               0x08004a5b   Thumb Code   102  assignment5.o(.text)
    Send2RK3288_Config                       0x08004ac1   Thumb Code    50  assignment5.o(.text)
    Send2RK3288                              0x08004af3   Thumb Code     8  assignment5.o(.text)
    StepInfr_Gpio_Config                     0x08004afb   Thumb Code    64  assignment5.o(.text)
    Step1_2Zero                              0x08004b3b   Thumb Code   124  assignment5.o(.text)
    Step2_2Zero                              0x08004bb7   Thumb Code     2  assignment5.o(.text)
    EvadeBarrier                             0x08004bb9   Thumb Code    86  assignment5.o(.text)
    su_zifu                                  0x08004c0f   Thumb Code    52  assignment5.o(.text)
    upload                                   0x08004c43   Thumb Code   282  assignment5.o(.text)
    TchResp                                  0x08004d5d   Thumb Code   508  assignment5.o(.text)
    RotaAngle                                0x08004f59   Thumb Code  1024  assignment5.o(.text)
    DCStallSolved                            0x08005359   Thumb Code   232  assignment5.o(.text)
    fall_down                                0x08005441   Thumb Code    80  assignment5.o(.text)
    face_upward                              0x08005491   Thumb Code    72  assignment5.o(.text)
    Other_features                           0x080054d9   Thumb Code    40  assignment5.o(.text)
    Trouble_printf                           0x08005501   Thumb Code     2  assignment5.o(.text)
    LED_GPIO_Config                          0x08005595   Thumb Code    66  assignment2.o(.text)
    KEY_GPIO_Config                          0x080055d7   Thumb Code    46  assignment2.o(.text)
    Key_Scan                                 0x08005605   Thumb Code    66  assignment2.o(.text)
    Key_Test                                 0x08005647   Thumb Code    96  assignment2.o(.text)
    TIM3_PWM_Init                            0x0800575b   Thumb Code    12  assignment2.o(.text)
    DCMOTORCON_GPIO_Config                   0x08005767   Thumb Code    76  assignment2.o(.text)
    STEPMOTORCON_GPIO_Config                 0x080057b3   Thumb Code    96  assignment2.o(.text)
    TIM6_Init                                0x08005813   Thumb Code    68  assignment2.o(.text)
    STEP1_SPEED                              0x08005857   Thumb Code    22  assignment2.o(.text)
    STEP1_Angle                              0x0800586d   Thumb Code   118  assignment2.o(.text)
    STEP2_Angle                              0x080058e3   Thumb Code   108  assignment2.o(.text)
    NVIC_Configuration_TIM4                  0x080059f5   Thumb Code    42  assignment2.o(.text)
    UITRASONIC_Config                        0x08005af9   Thumb Code    12  assignment2.o(.text)
    UITRA_Measure                            0x08005b05   Thumb Code   108  assignment2.o(.text)
    Encoder_Init_TIM2                        0x08005b71   Thumb Code   114  assignment2.o(.text)
    Encoder_Init_TIM5                        0x08005be3   Thumb Code   136  assignment2.o(.text)
    Read_Encoder                             0x08005c6b   Thumb Code   112  assignment2.o(.text)
    Speed_down                               0x08005cdb   Thumb Code   290  assignment2.o(.text)
    __aeabi_memset                           0x08005e8d   Thumb Code    14  memseta.o(.text)
    __aeabi_memset4                          0x08005e8d   Thumb Code     0  memseta.o(.text)
    __aeabi_memset8                          0x08005e8d   Thumb Code     0  memseta.o(.text)
    __aeabi_memclr                           0x08005e9b   Thumb Code     4  memseta.o(.text)
    __aeabi_memclr4                          0x08005e9b   Thumb Code     0  memseta.o(.text)
    __aeabi_memclr8                          0x08005e9b   Thumb Code     0  memseta.o(.text)
    _memset$wrapper                          0x08005e9f   Thumb Code    20  memseta.o(.text)
    __aeabi_fadd                             0x08005eb3   Thumb Code   164  fadd.o(.text)
    __aeabi_fsub                             0x08005f57   Thumb Code     6  fadd.o(.text)
    __aeabi_frsub                            0x08005f5d   Thumb Code     6  fadd.o(.text)
    __aeabi_fmul                             0x08005f63   Thumb Code   108  fmul.o(.text)
    __aeabi_fdiv                             0x08005fcf   Thumb Code   128  fdiv.o(.text)
    __aeabi_dadd                             0x0800604f   Thumb Code   318  dadd.o(.text)
    __aeabi_dsub                             0x0800618d   Thumb Code     6  dadd.o(.text)
    __aeabi_drsub                            0x08006193   Thumb Code     6  dadd.o(.text)
    __aeabi_dmul                             0x08006199   Thumb Code   226  dmul.o(.text)
    __aeabi_ddiv                             0x0800627b   Thumb Code   222  ddiv.o(.text)
    __aeabi_i2f                              0x08006359   Thumb Code    18  fflti.o(.text)
    __aeabi_ui2f                             0x0800636b   Thumb Code    10  ffltui.o(.text)
    __aeabi_i2d                              0x08006375   Thumb Code    34  dflti.o(.text)
    __aeabi_ui2d                             0x08006397   Thumb Code    26  dfltui.o(.text)
    __aeabi_f2iz                             0x080063b1   Thumb Code    50  ffixi.o(.text)
    __aeabi_f2uiz                            0x080063e3   Thumb Code    40  ffixui.o(.text)
    __aeabi_d2iz                             0x0800640b   Thumb Code    62  dfixi.o(.text)
    __aeabi_f2d                              0x08006449   Thumb Code    44  f2d.o(.text)
    __aeabi_cdcmpeq                          0x08006475   Thumb Code     0  cdcmple.o(.text)
    __aeabi_cdcmple                          0x08006475   Thumb Code    38  cdcmple.o(.text)
    __aeabi_cdrcmple                         0x0800649d   Thumb Code    38  cdrcmple.o(.text)
    __aeabi_d2f                              0x080064c5   Thumb Code    56  d2f.o(.text)
    __aeabi_cfcmpeq                          0x080064fd   Thumb Code     0  cfcmple.o(.text)
    __aeabi_cfcmple                          0x080064fd   Thumb Code    20  cfcmple.o(.text)
    __aeabi_cfrcmple                         0x08006511   Thumb Code    20  cfrcmple.o(.text)
    __aeabi_llsl                             0x08006525   Thumb Code    30  llshl.o(.text)
    _ll_shift_l                              0x08006525   Thumb Code     0  llshl.o(.text)
    __aeabi_llsr                             0x08006543   Thumb Code    32  llushr.o(.text)
    _ll_ushift_r                             0x08006543   Thumb Code     0  llushr.o(.text)
    __aeabi_lasr                             0x08006563   Thumb Code    36  llsshr.o(.text)
    _ll_sshift_r                             0x08006563   Thumb Code     0  llsshr.o(.text)
    __I$use$fp                               0x08006587   Thumb Code     0  iusefp.o(.text)
    _float_round                             0x08006587   Thumb Code    18  fepilogue.o(.text)
    _float_epilogue                          0x08006599   Thumb Code    94  fepilogue.o(.text)
    _double_round                            0x080065f7   Thumb Code    26  depilogue.o(.text)
    _double_epilogue                         0x08006611   Thumb Code   168  depilogue.o(.text)
    __ARM_scalbn                             0x080066b9   Thumb Code    46  dscalb.o(.text)
    scalbn                                   0x080066b9   Thumb Code     0  dscalb.o(.text)
    _dsqrt                                   0x080066e7   Thumb Code   160  dsqrt.o(.text)
    __scatterload                            0x08006789   Thumb Code    28  init.o(.text)
    __scatterload_rt2                        0x08006789   Thumb Code     0  init.o(.text)
    __decompress                             0x080067ad   Thumb Code     0  __dczerorl2.o(.text)
    __decompress1                            0x080067ad   Thumb Code    92  __dczerorl2.o(.text)
    __ARM_fpclassify                         0x08006809   Thumb Code    40  fpclassify.o(i.__ARM_fpclassify)
    __kernel_poly                            0x08006831   Thumb Code   170  poly.o(i.__kernel_poly)
    __mathlib_dbl_underflow                  0x080068dd   Thumb Code    10  dunder.o(i.__mathlib_dbl_underflow)
    __scatterload_copy                       0x080068ed   Thumb Code    14  handlers.o(i.__scatterload_copy)
    __scatterload_null                       0x080068fb   Thumb Code     2  handlers.o(i.__scatterload_null)
    __scatterload_zeroinit                   0x080068fd   Thumb Code    14  handlers.o(i.__scatterload_zeroinit)
    __set_errno                              0x0800690d   Thumb Code     6  errno.o(i.__set_errno)
    atan                                     0x08006919   Thumb Code   480  atan.o(i.atan)
    sqrt                                     0x08006b3d   Thumb Code    74  sqrt.o(i.sqrt)
    font6x8                                  0x08006b90   Data         552  assignment3.o(.constdata)
    Region$$Table$$Base                      0x08006e60   Number         0  anon$$obj.o(Region$$Table)
    Region$$Table$$Limit                     0x08006e80   Number         0  anon$$obj.o(Region$$Table)
    SystemCoreClock                          0x20000000   Data           4  system_stm32f10x.o(.data)
    AHBPrescTable                            0x20000004   Data          16  system_stm32f10x.o(.data)
    BUF_NUM                                  0x20000028   Data           2  interrupt.o(.data)
    USART1_RX_STA                            0x2000002a   Data           2  interrupt.o(.data)
    USART1_RX_BUF                            0x2000002c   Data           8  interrupt.o(.data)
    USART1_REC_LEN                           0x20000034   Data           1  interrupt.o(.data)
    vLeft                                    0x20000038   Data           4  interrupt.o(.data)
    vRight                                   0x2000003c   Data           4  interrupt.o(.data)
    HerdWore_vx                              0x20000040   Data           4  interrupt.o(.data)
    HerdWore_vth                             0x20000044   Data           4  interrupt.o(.data)
    vx                                       0x20000048   Data           4  interrupt.o(.data)
    vth                                      0x2000004c   Data           4  interrupt.o(.data)
    UART4_RX_STA                             0x20000050   Data           2  interrupt.o(.data)
    UART4_RX_BUF                             0x20000052   Data           5  interrupt.o(.data)
    UART4_REC_LEN                            0x20000057   Data           1  interrupt.o(.data)
    UART4ReiFlag                             0x20000058   Data           1  interrupt.o(.data)
    Tick_Count                               0x2000005a   Data           2  interrupt.o(.data)
    Control_Count                            0x2000005c   Data           1  interrupt.o(.data)
    SYSTEMTIME                               0x20000060   Data           4  interrupt.o(.data)
    uc_TrigFlag                              0x20000064   Data           1  interrupt.o(.data)
    vu16_Freq_Value                          0x20000066   Data           8  interrupt.o(.data)
    g_fGyroTemp                              0x20000088   Data           4  assignment1.o(.data)
    Q_angle                                  0x2000008c   Data           4  assignment1.o(.data)
    Q_gyro                                   0x20000090   Data           4  assignment1.o(.data)
    R_angle                                  0x20000094   Data           4  assignment1.o(.data)
    dt                                       0x20000098   Data           4  assignment1.o(.data)
    C_0                                      0x2000009c   Data           1  assignment1.o(.data)
    PP                                       0x200000a0   Data          16  assignment1.o(.data)
    g_lnMmaOffset                            0x200000b0   Data           4  assignment1.o(.data)
    Accel_z                                  0x200000ba   Data           2  assignment1.o(.data)
    Accel_x                                  0x200000bc   Data           2  assignment1.o(.data)
    Accel_y                                  0x200000be   Data           2  assignment1.o(.data)
    Gyro_y                                   0x200000c0   Data           2  assignment1.o(.data)
    Gyro_x                                   0x200000c2   Data           2  assignment1.o(.data)
    Angle_gy                                 0x200000c4   Data           4  assignment1.o(.data)
    Angle_az                                 0x200000c8   Data           4  assignment1.o(.data)
    Angle_ay                                 0x200000cc   Data           4  assignment1.o(.data)
    Angle_qingxie                            0x200000d0   Data           4  assignment1.o(.data)
    Angle                                    0x200000d4   Data           4  assignment1.o(.data)
    x                                        0x200000d8   Data           4  assignment1.o(.data)
    y                                        0x200000dc   Data           4  assignment1.o(.data)
    z                                        0x200000e0   Data           4  assignment1.o(.data)
    I2C_MPU_ACCE_Read                        0x200000e4   Data           2  assignment1.o(.data)
    I2C_MPU_GYRO_Read                        0x200000e6   Data           2  assignment1.o(.data)
    Q_bias                                   0x200000e8   Data           4  assignment1.o(.data)
    Angle_err                                0x200000ec   Data           4  assignment1.o(.data)
    PCt_0                                    0x200000f0   Data           4  assignment1.o(.data)
    PCt_1                                    0x200000f4   Data           4  assignment1.o(.data)
    E                                        0x200000f8   Data           4  assignment1.o(.data)
    K_0                                      0x200000fc   Data           4  assignment1.o(.data)
    K_1                                      0x20000100   Data           4  assignment1.o(.data)
    t_0                                      0x20000104   Data           4  assignment1.o(.data)
    t_1                                      0x20000108   Data           4  assignment1.o(.data)
    g_fBlancePwm                             0x2000010c   Data           4  assignment4.o(.data)
    g_fBlance_P                              0x20000110   Data           4  assignment4.o(.data)
    g_fBlance_D                              0x20000114   Data           4  assignment4.o(.data)
    Encoder1Flag                             0x20000118   Data           1  assignment4.o(.data)
    Encoder2Flag                             0x20000119   Data           1  assignment4.o(.data)
    MotorDeadValue                           0x2000011a   Data           1  assignment4.o(.data)
    g_ucHugFlag                              0x2000011b   Data           1  assignment4.o(.data)
    pwmleft_temp                             0x2000011c   Data           4  assignment4.o(.data)
    pwmright_temp                            0x20000120   Data           4  assignment4.o(.data)
    g_fCarSpeedSet                           0x20000124   Data           4  assignment4.o(.data)
    g_fCarSpeedL                             0x20000128   Data           4  assignment4.o(.data)
    g_fSpeed_PL                              0x2000012c   Data           4  assignment4.o(.data)
    g_fSpeed_IL                              0x20000130   Data           4  assignment4.o(.data)
    g_fSpeed_DL                              0x20000134   Data           4  assignment4.o(.data)
    g_fCarSpeedSetL                          0x20000138   Data           4  assignment4.o(.data)
    g_fCarSpeedSetOldL                       0x2000013c   Data           4  assignment4.o(.data)
    g_fCarSpeedSetLTemp                      0x20000140   Data           4  assignment4.o(.data)
    g_fSpeedIntegralL                        0x20000144   Data           4  assignment4.o(.data)
    g_iSpeedControlValueOldL                 0x20000148   Data           4  assignment4.o(.data)
    g_iSpeedControlValueNewL                 0x2000014c   Data           4  assignment4.o(.data)
    g_lDriftL                                0x20000150   Data           4  assignment4.o(.data)
    g_fCarSpeedR                             0x20000154   Data           4  assignment4.o(.data)
    g_fSpeed_PR                              0x20000158   Data           4  assignment4.o(.data)
    g_fSpeed_IR                              0x2000015c   Data           4  assignment4.o(.data)
    g_fSpeed_DR                              0x20000160   Data           4  assignment4.o(.data)
    g_fCarSpeedSetR                          0x20000164   Data           4  assignment4.o(.data)
    g_fCarSpeedSetOldR                       0x20000168   Data           4  assignment4.o(.data)
    g_fCarSpeedSetRTemp                      0x2000016c   Data           4  assignment4.o(.data)
    g_fSpeedIntegralR                        0x20000170   Data           4  assignment4.o(.data)
    g_iSpeedControlValueOldR                 0x20000174   Data           4  assignment4.o(.data)
    g_iSpeedControlValueNewR                 0x20000178   Data           4  assignment4.o(.data)
    g_lDriftR                                0x2000017c   Data           4  assignment4.o(.data)
    g_fSpeedPwmL                             0x20000180   Data           4  assignment4.o(.data)
    g_fSpeedPwmR                             0x20000184   Data           4  assignment4.o(.data)
    g_fSpeedPwm                              0x20000188   Data           4  assignment4.o(.data)
    g_fCarSpeedSetOld                        0x2000018c   Data           4  assignment4.o(.data)
    SpeedDelt                                0x20000190   Data           4  assignment4.o(.data)
    g_fCarSpeedSet_temp                      0x20000194   Data           4  assignment4.o(.data)
    g_fCarSpeedSet_Last                      0x20000198   Data           4  assignment4.o(.data)
    PlanFlag                                 0x2000019c   Data           1  assignment4.o(.data)
    PlanFlag2                                0x2000019d   Data           1  assignment4.o(.data)
    PlanFlag4                                0x2000019e   Data           1  assignment4.o(.data)
    PlanFlag_count                           0x2000019f   Data           1  assignment4.o(.data)
    g_fDirectionPwm                          0x200001a0   Data           4  assignment4.o(.data)
    g_fDirectionPwm_old                      0x200001a4   Data           4  assignment4.o(.data)
    g_fDirectionValueNew                     0x200001a8   Data           4  assignment4.o(.data)
    g_fDirectionValueOld                     0x200001ac   Data           4  assignment4.o(.data)
    g_fDir_P                                 0x200001b0   Data           4  assignment4.o(.data)
    g_fDir_D                                 0x200001b4   Data           4  assignment4.o(.data)
    g_fDirAngle                              0x200001b8   Data           4  assignment4.o(.data)
    g_iStep1PlanThres                        0x200001bc   Data           4  assignment4.o(.data)
    g_uiStep1LowSpeed                        0x200001c0   Data           2  assignment4.o(.data)
    g_uiStep1HighSpeed                       0x200001c2   Data           2  assignment4.o(.data)
    g_iStep2PlanThres                        0x200001c4   Data           4  assignment4.o(.data)
    g_uiStep2LowSpeed                        0x200001c8   Data           2  assignment4.o(.data)
    g_uiStep2HighSpeed                       0x200001ca   Data           2  assignment4.o(.data)
    i                                        0x200001cc   Data           1  assignment4.o(.data)
    Spanangle_old                            0x200001e8   Data           4  assignment4.o(.data)
    Send_Data                                0x200001ec   Data           8  assignment4.o(.data)
    SUM_Left_Value                           0x200001f4   Data           4  assignment4.o(.data)
    SUM_Right_Value                          0x200001f8   Data           4  assignment4.o(.data)
    a                                        0x200001fc   Data           4  assignment5.o(.data)
    b                                        0x20000200   Data           4  assignment5.o(.data)
    c                                        0x20000204   Data           4  assignment5.o(.data)
    g_uiFdc1Value                            0x20000208   Data           4  assignment5.o(.data)
    g_uiFdc2Value                            0x2000020c   Data           4  assignment5.o(.data)
    g_uiFdc3Value                            0x20000210   Data           4  assignment5.o(.data)
    g_uiFdc4Value                            0x20000214   Data           4  assignment5.o(.data)
    g_ucTch1Flag                             0x20000218   Data           1  assignment5.o(.data)
    g_ucTch2Flag                             0x20000219   Data           1  assignment5.o(.data)
    g_ucTch3Flag                             0x2000021a   Data           1  assignment5.o(.data)
    g_ucTch4Flag                             0x2000021b   Data           1  assignment5.o(.data)
    g_ucTch1Flag_EN                          0x2000021c   Data           1  assignment5.o(.data)
    g_ucTch2Flag_EN                          0x2000021d   Data           1  assignment5.o(.data)
    g_ucTch3Flag_EN                          0x2000021e   Data           1  assignment5.o(.data)
    g_ucTch4Flag_EN                          0x2000021f   Data           1  assignment5.o(.data)
    g_ulFdcTime                              0x20000220   Data           4  assignment5.o(.data)
    g_fInfrDis                               0x20000224   Data           4  assignment5.o(.data)
    g_iRotaAngle                             0x20000228   Data           4  assignment5.o(.data)
    RotFlag                                  0x2000022c   Data           1  assignment5.o(.data)
    RotFlag_init                             0x2000022d   Data           1  assignment5.o(.data)
    Rot_PIDFlag                              0x2000022e   Data           1  assignment5.o(.data)
    s_iMileage1                              0x20000230   Data           4  assignment5.o(.data)
    s_iMileage2                              0x20000234   Data           4  assignment5.o(.data)
    DCReset_Count                            0x20000238   Data           1  assignment5.o(.data)
    DCshutdown_Count                         0x20000239   Data           1  assignment5.o(.data)
    Debug_printf_flage                       0x2000023c   Data           1  assignment5.o(.data)
    k                                        0x2000025c   Data           4  assignment5.o(.data)
    Key1Count                                0x20000260   Data           1  assignment2.o(.data)
    CCR2_Val                                 0x20000262   Data           2  assignment2.o(.data)
    CCR3_Val                                 0x20000264   Data           2  assignment2.o(.data)
    g_iStep1TargetPulseNum                   0x20000268   Data           4  assignment2.o(.data)
    g_iStep1PresentPulseCount                0x2000026c   Data           4  assignment2.o(.data)
    g_ucStep1TurnFlag                        0x20000270   Data           1  assignment2.o(.data)
    g_iStep2TargetPulseNum                   0x20000274   Data           4  assignment2.o(.data)
    g_iStep2PresentPulseCount                0x20000278   Data           4  assignment2.o(.data)
    g_ucStep2TurnFlag                        0x2000027c   Data           1  assignment2.o(.data)
    flag_srf                                 0x2000027d   Data           1  assignment2.o(.data)
    distance1                                0x20000280   Data           4  assignment2.o(.data)
    distance2                                0x20000284   Data           4  assignment2.o(.data)
    distance3                                0x20000288   Data           4  assignment2.o(.data)
    distance4                                0x2000028c   Data           4  assignment2.o(.data)
    g_iEncoderSigmaL                         0x20000290   Data           4  assignment2.o(.data)
    g_iEncoderSigmaR                         0x20000294   Data           4  assignment2.o(.data)
    EncoderValueL                            0x20000298   Data           2  assignment2.o(.data)
    EncoderValueR                            0x2000029a   Data           2  assignment2.o(.data)
    Speed_down_flage                         0x2000029c   Data           1  assignment2.o(.data)
    Speed_down_intSpeed                      0x200002a0   Data           4  assignment2.o(.data)
    Speed_down_intSpeed_flage                0x200002a4   Data           1  assignment2.o(.data)
    Speed_down_time                          0x200002a8   Data           4  assignment2.o(.data)
    Pdot                                     0x200002b0   Data          16  assignment1.o(.bss)
    self                                     0x200002c0   Data          32  assignment4.o(.bss)
    Marrer_Data_L                            0x200002e0   Data          44  assignment4.o(.bss)
    Marrer_Data_R                            0x2000030c   Data          44  assignment4.o(.bss)
    __initial_sp                             0x20000738   Data           0  startup_stm32f10x_hd.o(STACK)



==============================================================================

Memory Map of the image

  Image Entry point : 0x08000131

  Load Region LR_IROM1 (Base: 0x08000000, Size: 0x00007130, Max: 0x00080000, ABSOLUTE, COMPRESSED[0x00006ed4])

    Execution Region ER_IROM1 (Base: 0x08000000, Size: 0x00006e80, Max: 0x00080000, ABSOLUTE)

    Base Addr    Size         Type   Attr      Idx    E Section Name        Object

    0x08000000   0x00000130   Data   RO            3    RESET               startup_stm32f10x_hd.o
    0x08000130   0x00000000   Code   RO          635  * .ARM.Collect$$$$00000000  mc_w.l(entry.o)(mc_w.l)
    0x08000130   0x00000004   Code   RO          684    .ARM.Collect$$$$00000001  mc_w.l(entry2.o)(mc_w.l)
    0x08000134   0x00000004   Code   RO          687    .ARM.Collect$$$$00000004  mc_w.l(entry5.o)(mc_w.l)
    0x08000138   0x00000008   Code   RO          688    .ARM.Collect$$$$00000007  mc_w.l(entry7.o)(mc_w.l)
    0x08000140   0x00000004   Code   RO          685    .ARM.Collect$$$$00002712  mc_w.l(entry2.o)(mc_w.l)
    0x08000144   0x00000024   Code   RO            4    .text               startup_stm32f10x_hd.o
    0x08000168   0x000001c8   Code   RO           24    .text               system_stm32f10x.o
    0x08000330   0x000000f8   Code   RO          121    .text               misc.o
    0x08000428   0x00000440   Code   RO          137    .text               stm32f10x_adc.o
    0x08000868   0x00000358   Code   RO          245    .text               stm32f10x_gpio.o
    0x08000bc0   0x000003f0   Code   RO          257    .text               stm32f10x_i2c.o
    0x08000fb0   0x000003a4   Code   RO          281    .text               stm32f10x_rcc.o
    0x08001354   0x00000dae   Code   RO          331    .text               stm32f10x_tim.o
    0x08002102   0x00000002   PAD
    0x08002104   0x0000040c   Code   RO          343    .text               stm32f10x_usart.o
    0x08002510   0x0000005c   Code   RO          403    .text               main.o
    0x0800256c   0x0000004c   Code   RO          460    .text               stm32f10x_it.o
    0x080025b8   0x0000000a   Code   RO          475    .text               delay.o
    0x080025c2   0x00000002   PAD
    0x080025c4   0x0000030c   Code   RO          487    .text               uart.o
    0x080028d0   0x000006a8   Code   RO          500    .text               interrupt.o
    0x08002f78   0x000007b8   Code   RO          523    .text               assignment1.o
    0x08003730   0x000005d8   Code   RO          543    .text               assignment3.o
    0x08003d08   0x000007c0   Code   RO          561    .text               assignment4.o
    0x080044c8   0x000010cc   Code   RO          580    .text               assignment5.o
    0x08005594   0x000008f8   Code   RO          599    .text               assignment2.o
    0x08005e8c   0x00000026   Code   RO          638    .text               mc_w.l(memseta.o)(mc_w.l)
    0x08005eb2   0x000000b0   Code   RO          640    .text               mf_w.l(fadd.o)(mf_w.l)
    0x08005f62   0x0000006c   Code   RO          642    .text               mf_w.l(fmul.o)(mf_w.l)
    0x08005fce   0x00000080   Code   RO          644    .text               mf_w.l(fdiv.o)(mf_w.l)
    0x0800604e   0x0000014a   Code   RO          646    .text               mf_w.l(dadd.o)(mf_w.l)
    0x08006198   0x000000e2   Code   RO          648    .text               mf_w.l(dmul.o)(mf_w.l)
    0x0800627a   0x000000de   Code   RO          650    .text               mf_w.l(ddiv.o)(mf_w.l)
    0x08006358   0x00000012   Code   RO          652    .text               mf_w.l(fflti.o)(mf_w.l)
    0x0800636a   0x0000000a   Code   RO          654    .text               mf_w.l(ffltui.o)(mf_w.l)
    0x08006374   0x00000022   Code   RO          656    .text               mf_w.l(dflti.o)(mf_w.l)
    0x08006396   0x0000001a   Code   RO          658    .text               mf_w.l(dfltui.o)(mf_w.l)
    0x080063b0   0x00000032   Code   RO          660    .text               mf_w.l(ffixi.o)(mf_w.l)
    0x080063e2   0x00000028   Code   RO          662    .text               mf_w.l(ffixui.o)(mf_w.l)
    0x0800640a   0x0000003e   Code   RO          664    .text               mf_w.l(dfixi.o)(mf_w.l)
    0x08006448   0x0000002c   Code   RO          666    .text               mf_w.l(f2d.o)(mf_w.l)
    0x08006474   0x00000028   Code   RO          668    .text               mf_w.l(cdcmple.o)(mf_w.l)
    0x0800649c   0x00000028   Code   RO          670    .text               mf_w.l(cdrcmple.o)(mf_w.l)
    0x080064c4   0x00000038   Code   RO          672    .text               mf_w.l(d2f.o)(mf_w.l)
    0x080064fc   0x00000014   Code   RO          674    .text               mf_w.l(cfcmple.o)(mf_w.l)
    0x08006510   0x00000014   Code   RO          676    .text               mf_w.l(cfrcmple.o)(mf_w.l)
    0x08006524   0x0000001e   Code   RO          689    .text               mc_w.l(llshl.o)(mc_w.l)
    0x08006542   0x00000020   Code   RO          691    .text               mc_w.l(llushr.o)(mc_w.l)
    0x08006562   0x00000024   Code   RO          693    .text               mc_w.l(llsshr.o)(mc_w.l)
    0x08006586   0x00000000   Code   RO          702    .text               mc_w.l(iusefp.o)(mc_w.l)
    0x08006586   0x00000070   Code   RO          703    .text               mf_w.l(fepilogue.o)(mf_w.l)
    0x080065f6   0x000000c2   Code   RO          705    .text               mf_w.l(depilogue.o)(mf_w.l)
    0x080066b8   0x0000002e   Code   RO          707    .text               mf_w.l(dscalb.o)(mf_w.l)
    0x080066e6   0x000000a0   Code   RO          709    .text               mf_w.l(dsqrt.o)(mf_w.l)
    0x08006786   0x00000002   PAD
    0x08006788   0x00000024   Code   RO          711    .text               mc_w.l(init.o)(mc_w.l)
    0x080067ac   0x0000005c   Code   RO          721    .text               mc_w.l(__dczerorl2.o)(mc_w.l)
    0x08006808   0x00000028   Code   RO          680    i.__ARM_fpclassify  m_ws.l(fpclassify.o)(m_ws.l)
    0x08006830   0x000000aa   Code   RO          682    i.__kernel_poly     m_ws.l(poly.o)(m_ws.l)
    0x080068da   0x00000002   PAD
    0x080068dc   0x00000010   Code   RO          678    i.__mathlib_dbl_underflow  m_ws.l(dunder.o)(m_ws.l)
    0x080068ec   0x0000000e   Code   RO          715    i.__scatterload_copy  mc_w.l(handlers.o)(mc_w.l)
    0x080068fa   0x00000002   Code   RO          716    i.__scatterload_null  mc_w.l(handlers.o)(mc_w.l)
    0x080068fc   0x0000000e   Code   RO          717    i.__scatterload_zeroinit  mc_w.l(handlers.o)(mc_w.l)
    0x0800690a   0x00000002   PAD
    0x0800690c   0x0000000c   Code   RO          697    i.__set_errno       mc_w.l(errno.o)(mc_w.l)
    0x08006918   0x00000224   Code   RO          618    i.atan              m_ws.l(atan.o)(m_ws.l)
    0x08006b3c   0x0000004a   Code   RO          628    i.sqrt              m_ws.l(sqrt.o)(m_ws.l)
    0x08006b86   0x00000002   PAD
    0x08006b88   0x00000007   Data   RO          488    .constdata          uart.o
    0x08006b8f   0x00000001   PAD
    0x08006b90   0x00000233   Data   RO          544    .constdata          assignment3.o
    0x08006dc3   0x00000005   PAD
    0x08006dc8   0x00000098   Data   RO          619    .constdata          m_ws.l(atan.o)(m_ws.l)
    0x08006e60   0x00000020   Data   RO          713    Region$$Table       anon$$obj.o


    Execution Region RW_IRAM1 (Base: 0x20000000, Size: 0x00000738, Max: 0x00010000, ABSOLUTE, COMPRESSED[0x00000054])

    Base Addr    Size         Type   Attr      Idx    E Section Name        Object

    0x20000000   0x00000014   Data   RW           25    .data               system_stm32f10x.o
    0x20000014   0x00000014   Data   RW          282    .data               stm32f10x_rcc.o
    0x20000028   0x0000005e   Data   RW          501    .data               interrupt.o
    0x20000086   0x00000002   PAD
    0x20000088   0x00000084   Data   RW          525    .data               assignment1.o
    0x2000010c   0x000000f0   Data   RW          563    .data               assignment4.o
    0x200001fc   0x00000064   Data   RW          581    .data               assignment5.o
    0x20000260   0x0000004c   Data   RW          600    .data               assignment2.o
    0x200002ac   0x00000004   Data   RW          698    .data               mc_w.l(errno.o)(mc_w.l)
    0x200002b0   0x00000010   Zero   RW          524    .bss                assignment1.o
    0x200002c0   0x00000078   Zero   RW          562    .bss                assignment4.o
    0x20000338   0x00000400   Zero   RW            1    STACK               startup_stm32f10x_hd.o


==============================================================================

Image component sizes


      Code (inc. data)   RO Data    RW Data    ZI Data      Debug   Object Name

      1976        206          0        132         16          0   assignment1.o
      2296        224          0         76          0          0   assignment2.o
      1496         36        563          0          0          0   assignment3.o
      1984        350          0        240        120          0   assignment4.o
      4300        426          0        100          0          0   assignment5.o
         0          0          0          0          0          0   core_cm3.o
        10          0          0          0          0          0   delay.o
      1704        216          0         94          0          0   interrupt.o
        92          0          0          0          0          0   main.o
       248         30          0          0          0          0   misc.o
        36          8        304          0       1024          0   startup_stm32f10x_hd.o
      1088         36          0          0          0          0   stm32f10x_adc.o
       856         40          0          0          0          0   stm32f10x_gpio.o
      1008         16          0          0          0          0   stm32f10x_i2c.o
        76         10          0          0          0          0   stm32f10x_it.o
       932         52          0         20          0          0   stm32f10x_rcc.o
      3502         86          0          0          0          0   stm32f10x_tim.o
      1036         20          0          0          0          0   stm32f10x_usart.o
       456         36          0         20          0          0   system_stm32f10x.o
       780         26          7          0          0          0   uart.o

    ----------------------------------------------------------------------
     23880       1818        912        684       1160          0   Object Totals
         0          0         32          0          0          0   (incl. Generated)
         4          0          6          2          0          2   (incl. Padding)

    ----------------------------------------------------------------------

      Code (inc. data)   RO Data    RW Data    ZI Data      Debug   Library Member Name

       548         68        152          0          0          0   atan.o
        16          6          0          0          0          0   dunder.o
        40          0          0          0          0          0   fpclassify.o
       170          0          0          0          0          0   poly.o
        74          0          0          0          0          0   sqrt.o
        92          0          0          0          0          0   __dczerorl2.o
         0          0          0          0          0          0   entry.o
         8          4          0          0          0          0   entry2.o
         4          0          0          0          0          0   entry5.o
         8          4          0          0          0          0   entry7.o
        12          6          0          4          0          0   errno.o
        30          0          0          0          0          0   handlers.o
        36          8          0          0          0          0   init.o
         0          0          0          0          0          0   iusefp.o
        30          0          0          0          0          0   llshl.o
        36          0          0          0          0          0   llsshr.o
        32          0          0          0          0          0   llushr.o
        38          0          0          0          0          0   memseta.o
        40          2          0          0          0          0   cdcmple.o
        40          2          0          0          0          0   cdrcmple.o
        20          0          0          0          0          0   cfcmple.o
        20          0          0          0          0          0   cfrcmple.o
        56          0          0          0          0          0   d2f.o
       330          0          0          0          0          0   dadd.o
       222          0          0          0          0          0   ddiv.o
       194          0          0          0          0          0   depilogue.o
        62          0          0          0          0          0   dfixi.o
        34          0          0          0          0          0   dflti.o
        26          0          0          0          0          0   dfltui.o
       226          0          0          0          0          0   dmul.o
        46          0          0          0          0          0   dscalb.o
       160          0          0          0          0          0   dsqrt.o
        44          0          0          0          0          0   f2d.o
       176          0          0          0          0          0   fadd.o
       128          0          0          0          0          0   fdiv.o
       112          0          0          0          0          0   fepilogue.o
        50          0          0          0          0          0   ffixi.o
        40          0          0          0          0          0   ffixui.o
        18          0          0          0          0          0   fflti.o
        10          0          0          0          0          0   ffltui.o
       108          0          0          0          0          0   fmul.o

    ----------------------------------------------------------------------
      3344        100        152          4          0          0   Library Totals
         8          0          0          0          0          0   (incl. Padding)

    ----------------------------------------------------------------------

      Code (inc. data)   RO Data    RW Data    ZI Data      Debug   Library Name

       848         74        152          0          0        444   m_ws.l
       326         22          0          4          0        448   mc_w.l
      2162          4          0          0          0       2112   mf_w.l

    ----------------------------------------------------------------------
      3344        100        152          4          0          0   Library Totals

    ----------------------------------------------------------------------

==============================================================================


      Code (inc. data)   RO Data    RW Data    ZI Data      Debug   

     27224       1918       1064        688       1160     398104   Grand Totals
     27224       1918       1064         84       1160     398104   ELF Image Totals (compressed)
     27224       1918       1064         84          0          0   ROM Totals

==============================================================================

    Total RO  Size (Code + RO Data)                28288 (  27.63kB)
    Total RW  Size (RW Data + ZI Data)              1848 (   1.80kB)
    Total ROM Size (Code + RO Data + RW Data)      28372 (  27.71kB)

==============================================================================

